../Drivers/CMSIS/Include/core_cm3.h:1876:26:ITM_SendChar	16	static,ignoring_inline_asm
../Core/Src/main.c:73:5:_write	32	static
../Core/Src/main.c:86:5:main	8	static
../Core/Src/main.c:145:6:SystemClock_Config	88	static
../Core/Src/main.c:193:13:MX_I2C2_Init	8	static
../Core/Src/main.c:227:13:MX_RTC_Init	8	static
../Core/Src/main.c:258:13:MX_SPI1_Init	8	static
../Core/Src/main.c:296:13:MX_GPIO_Init	40	static
../Core/Src/main.c:324:6:KIET_RTC_Init	16	static
../Core/Src/main.c:364:6:KIET_configure_rtc_register	8	static
../Core/Src/main.c:398:6:KIET_revise	8	static
../Core/Src/main.c:410:6:KIET_reset_rtc_register	8	static
../Core/Src/main.c:416:6:KIET_BlinkLED	8	static
../Core/Src/main.c:422:6:KIET_ToggleLED	8	static
../Core/Src/main.c:433:6:Error_Handler	4	static,ignoring_inline_asm
