../Drivers/CMSIS/Include/core_cm3.h:1876:26:ITM_SendChar	16	static,ignoring_inline_asm
../Core/Src/main.c:97:5:_write	32	static
../Core/Src/main.c:117:5:main	80	static
../Core/Src/main.c:261:6:SystemClock_Config	88	static
../Core/Src/main.c:309:13:MX_I2C1_Init	8	static
../Core/Src/main.c:343:13:MX_I2C2_Init	8	static
../Core/Src/main.c:377:13:MX_RTC_Init	8	static
../Core/Src/main.c:408:13:MX_SPI1_Init	8	static
../Core/Src/main.c:446:13:MX_USART1_UART_Init	8	static
../Core/Src/main.c:479:13:MX_GPIO_Init	40	static
../Core/Src/main.c:537:6:KIET_RTC_Init	16	static
../Core/Src/main.c:575:6:KIET_configure_rtc_register	8	static
../Core/Src/main.c:609:6:KIET_revise	8	static
../Core/Src/main.c:622:6:KIET_reset_rtc_register	8	static
../Core/Src/main.c:628:6:KIET_BlinkLED	8	static
../Core/Src/main.c:634:6:KIET_ToggleLED	8	static
../Core/Src/main.c:638:6:KIET_EnterStandBy	8	static
../Core/Src/main.c:644:6:KIET_readSensor	4	static
../Core/Src/main.c:648:6:KIET_encryptData	4	static
../Core/Src/main.c:652:6:KIET_macLayer	4	static
../Core/Src/main.c:656:6:KIET_macID	4	static
../Core/Src/main.c:660:6:KIET_control_low_power_lora	4	static
../Core/Src/main.c:669:6:HAL_GPIO_EXTI_Callback	16	static
../Core/Src/main.c:682:5:KIET_COMPUTE_Abs	16	static
../Core/Src/main.c:686:5:KIET_COMPUTE_Constraint	24	static
../Core/Src/main.c:691:6:KIET_VH53L0X_init	16	static
../Core/Src/main.c:699:10:KIET_VL53L0X_ReadDistance	80	static
../Core/Src/main.c:728:6:Error_Handler	4	static,ignoring_inline_asm
